// Jest Snapshot v1, https://goo.gl/fbAQLP

exports[`IdsContainer Component renders correctly 1`] = `"<style nonce=\\"0a59a005\\">.ids-container { background-color: transparent; }</style><div class=\\"ids-container\\" part=\\"container\\" tabindex=\\"0\\"><slot></slot></div>"`;
