// Jest Snapshot v1, https://goo.gl/fbAQLP

exports[`IdsTriggerButton Component renders correctly 1`] = `"<ids-trigger-button></ids-trigger-button>"`;
