// Jest Snapshot v1, https://goo.gl/fbAQLP

exports[`IdsRating Component renders correctly 1`] = `"<ids-rating></ids-rating>"`;
