// Jest Snapshot v1, https://goo.gl/fbAQLP

exports[`IdsThemeSwitcher Component renders correctly 1`] = `
"<style nonce=\\"0a59a005\\">.ids-theme-switcher { background-color: transparent; }</style><ids-menu-button id=\\"ids-theme-switcher\\" menu=\\"ids-theme-menu\\" mode=\\"light\\" version=\\"new\\">
            <ids-icon slot=\\"icon\\" icon=\\"more\\"></ids-icon>
            <span class=\\"audible\\">Theme Switcher</span>
        </ids-menu-button>
        <ids-popup-menu id=\\"ids-theme-menu\\" target=\\"ids-theme-switcher\\" trigger=\\"click\\" hidden=\\"\\">
          <ids-menu-group>
            <ids-menu-item mode=\\"light\\" version=\\"new\\">
              Theme
              <ids-popup-menu slot=\\"submenu\\" hidden=\\"\\">
                <ids-menu-group select=\\"single\\">
                  <ids-menu-item selected=\\"true\\" value=\\"new\\" mode=\\"light\\" version=\\"new\\">New</ids-menu-item>
                  <ids-menu-item value=\\"classic\\" mode=\\"light\\" version=\\"new\\">Classic</ids-menu-item>
                </ids-menu-group>
              </ids-popup-menu>
            </ids-menu-item>
            <ids-menu-item mode=\\"light\\" version=\\"new\\">
              Mode
              <ids-popup-menu slot=\\"submenu\\" hidden=\\"\\">
                <ids-menu-group select=\\"single\\">
                  <ids-menu-item selected=\\"true\\" value=\\"light\\" mode=\\"light\\" version=\\"new\\">Light</ids-menu-item>
                  <ids-menu-item value=\\"dark\\" mode=\\"light\\" version=\\"new\\">Dark</ids-menu-item>
                  <ids-menu-item value=\\"contrast\\" mode=\\"light\\" version=\\"new\\">High Contrast</ids-menu-item>
                </ids-menu-group>
              </ids-popup-menu>
            </ids-menu-item>
          </ids-menu-group>
        </ids-popup-menu>"
`;
